@import 'variables'; // Variables and mixins
@import 'navbar';
@import 'gallery';
@import 'footer';
@import 'media-queries';

$primary-color: #3498db;
$secondary-color: #2ecc71;
$font-stack: 'Helvetica, sans-serif';

.navbar {
  background-color: $primary-color;
  .navbar-brand {
    font-family: $font-stack;
    color: white;
  }
  .navbar-menu {
    list-style: none;
    padding: 0;
    .navbar-item {
      display: inline-block;
      margin: 0 10px;
      color: white;
    }
  }
}

.gallery {
  display: grid;
  grid-template-columns: repeat(auto-fit, minmax(200px, 1fr));
  gap: 10px;
  .gallery-item {
    border: 1px solid $secondary-color;
    img {
      width: 100%;
      height: auto;
    }
  }
}

.footer {
  background-color: darken($primary-color, 20%);
  padding: 20px;
  color: white;
  text-align: center;
  .footer-content {
    margin: 0 auto;
    max-width: 600px;
  }
}

@media (max-width: 768px) {
  .navbar {
    .navbar-menu {
      display: block;
      .navbar-item {
        display: block;
        margin: 10px 0;
      }
    }
  }
  .gallery {
    grid-template-columns: 1fr;
  }
  .footer {
    .footer-content {
      padding: 10px;
    }
  }
}
